<?xml version="1.0" encoding="UTF-8"?>
<testsuites>
    <testsuite name="searching-for-drug-locations;search-with-a-valid-address" tests="3" failures="0" skipped="0">
        <properties>
            <property name="URI" value="C:/Projects/wellrx-monitor/features/drug-search.feature">
            </property>
        </properties>
        <testcase name="When I search for &quot;LOSARTAN POTASSIUM&quot; at location &quot;85749&quot;" classname="searching-for-drug-locations;search-with-a-valid-address" time="6.3497982">
        </testcase>
        <testcase name="Then I shouldn&apos;t see an error message" classname="searching-for-drug-locations;search-with-a-valid-address" time="0.000394399">
        </testcase>
        <testcase name="And I should see drug search results" classname="searching-for-drug-locations;search-with-a-valid-address" time="0.0005399">
        </testcase>
    </testsuite>
    <testsuite name="searching-for-drug-locations;search-with-a-valid-address" tests="3" failures="0" skipped="0">
        <properties>
            <property name="URI" value="C:/Projects/wellrx-monitor/features/drug-search.feature">
            </property>
        </properties>
        <testcase name="When I search for &quot;LIPITOR&quot; at location &quot;17756&quot;" classname="searching-for-drug-locations;search-with-a-valid-address" time="5.560556501">
        </testcase>
        <testcase name="Then I shouldn&apos;t see an error message" classname="searching-for-drug-locations;search-with-a-valid-address" time="0.0002735">
        </testcase>
        <testcase name="And I should see drug search results" classname="searching-for-drug-locations;search-with-a-valid-address" time="0.0002376">
        </testcase>
    </testsuite>
    <testsuite name="searching-for-drug-locations;search-with-an-invalid-drug-name" tests="3" failures="0" skipped="0">
        <properties>
            <property name="URI" value="C:/Projects/wellrx-monitor/features/drug-search.feature">
            </property>
        </properties>
        <testcase name="When I search for &quot;I M NOT A DRUG&quot; at location &quot;85749&quot;" classname="searching-for-drug-locations;search-with-an-invalid-drug-name" time="5.561950501">
        </testcase>
        <testcase name="Then I should see an error message" classname="searching-for-drug-locations;search-with-an-invalid-drug-name" time="0.0003325">
        </testcase>
        <testcase name="And I shouldn&apos;t see drug search results" classname="searching-for-drug-locations;search-with-an-invalid-drug-name" time="0.0004282">
        </testcase>
    </testsuite>
    <testsuite name="searching-for-drug-locations;search-with-an-invalid-drug-name" tests="3" failures="0" skipped="0">
        <properties>
            <property name="URI" value="C:/Projects/wellrx-monitor/features/drug-search.feature">
            </property>
        </properties>
        <testcase name="When I search for &quot;L&quot; at location &quot;17756&quot;" classname="searching-for-drug-locations;search-with-an-invalid-drug-name" time="5.5683161">
        </testcase>
        <testcase name="Then I should see an error message" classname="searching-for-drug-locations;search-with-an-invalid-drug-name" time="0.000632799">
        </testcase>
        <testcase name="And I shouldn&apos;t see drug search results" classname="searching-for-drug-locations;search-with-an-invalid-drug-name" time="0.0003172">
        </testcase>
    </testsuite>
    <testsuite name="searching-for-drug-locations;search-with-an-invalid-drug-name" tests="3" failures="0" skipped="0">
        <properties>
            <property name="URI" value="C:/Projects/wellrx-monitor/features/drug-search.feature">
            </property>
        </properties>
        <testcase name="When I search for &quot;LO&quot; at location &quot;17756&quot;" classname="searching-for-drug-locations;search-with-an-invalid-drug-name" time="5.4855635">
        </testcase>
        <testcase name="Then I should see an error message" classname="searching-for-drug-locations;search-with-an-invalid-drug-name" time="0.000238301">
        </testcase>
        <testcase name="And I shouldn&apos;t see drug search results" classname="searching-for-drug-locations;search-with-an-invalid-drug-name" time="0.000256801">
        </testcase>
    </testsuite>
    <testsuite name="searching-for-drug-locations;search-with-an-invalid-address" tests="3" failures="0" skipped="0">
        <properties>
            <property name="URI" value="C:/Projects/wellrx-monitor/features/drug-search.feature">
            </property>
        </properties>
        <testcase name="When I search for &quot;LOSARTAN POTASSIUM&quot; at location &quot;1&quot;" classname="searching-for-drug-locations;search-with-an-invalid-address" time="5.521186399">
        </testcase>
        <testcase name="Then I should see an error message" classname="searching-for-drug-locations;search-with-an-invalid-address" time="0.0002157">
        </testcase>
        <testcase name="And I shouldn&apos;t see drug search results" classname="searching-for-drug-locations;search-with-an-invalid-address" time="0.00014">
        </testcase>
    </testsuite>
    <testsuite name="searching-for-drug-locations;search-with-an-invalid-address" tests="3" failures="0" skipped="0">
        <properties>
            <property name="URI" value="C:/Projects/wellrx-monitor/features/drug-search.feature">
            </property>
        </properties>
        <testcase name="When I search for &quot;LIPITOR&quot; at location &quot;INVALID&quot;" classname="searching-for-drug-locations;search-with-an-invalid-address" time="7.5323104">
        </testcase>
        <testcase name="Then I should see an error message" classname="searching-for-drug-locations;search-with-an-invalid-address" time="0.000294701">
        </testcase>
        <testcase name="And I shouldn&apos;t see drug search results" classname="searching-for-drug-locations;search-with-an-invalid-address" time="0.0003254">
        </testcase>
    </testsuite>
</testsuites>